<?xml version="1.0" encoding="utf-8"?>
<TestRun id="746de2d6-1095-40a5-8adb-617a3ced11a5" name="Phuc Lam@MSI 2026-09-15 01:35:33" runUser="MSI\Phuc Lam" xmlns="http://microsoft.com/schemas/VisualStudio/TeamTest/2010">
  <Times creation="2026-09-15T01:35:33.2593890+07:00" queuing="2026-09-15T01:35:33.2593893+07:00" start="2026-09-15T01:35:32.0407742+07:00" finish="2026-09-15T01:35:33.4650498+07:00" />
  <TestSettings name="default" id="c0304c88-ed0a-4b6b-ad1c-3613c3c53ec6">
    <Deployment runDeploymentRoot="Phuc_Lam_MSI_2026-09-15_01_35_33" />
  </TestSettings>
  <Results>
    <UnitTestResult executionId="70679707-958a-4bb5-8bae-229dca12317c" testId="9a363046-f157-c04a-b540-36c3a6d2b934" testName="Idea.Q15.WorkspaceProtocol.Tests.ProtocolTests.FrameCodec_RejectsMalformedJson" computerName="MSI" duration="00:00:00.0033838" startTime="2026-09-15T01:35:33.3378590+07:00" endTime="2026-09-15T01:35:33.3409068+07:00" testType="13cdc9d9-ddb5-4fa4-a97d-d965ccfc6d4b" outcome="Passed" testListId="8c84fa94-04c1-424b-9868-57a2d4851a1d" relativeResultsDirectory="70679707-958a-4bb5-8bae-229dca12317c" />
    <UnitTestResult executionId="becd7c2a-a3ed-4adf-ae54-b0a2db4ae293" testId="11c207b1-397b-912e-e05d-932fe101650c" testName="Idea.Q15.WorkspaceProtocol.Tests.ProtocolTests.FrameCodec_RoundTripsPartialReadStream" computerName="MSI" duration="00:00:00.0007683" startTime="2026-09-15T01:35:33.4104003+07:00" endTime="2026-09-15T01:35:33.4109231+07:00" testType="13cdc9d9-ddb5-4fa4-a97d-d965ccfc6d4b" outcome="Passed" testListId="8c84fa94-04c1-424b-9868-57a2d4851a1d" relativeResultsDirectory="becd7c2a-a3ed-4adf-ae54-b0a2db4ae293" />
    <UnitTestResult executionId="358255e2-5172-48af-bae1-4b4a2052203d" testId="4e69a122-b03e-81c1-bb74-f46d9acc922c" testName="Idea.Q15.WorkspaceProtocol.Tests.ProtocolTests.WorkspaceHost_HandlesConcurrentCorrelatedRequests" computerName="MSI" duration="00:00:00.0668866" startTime="2026-09-15T01:35:33.3412241+07:00" endTime="2026-09-15T01:35:33.4082294+07:00" testType="13cdc9d9-ddb5-4fa4-a97d-d965ccfc6d4b" outcome="Passed" testListId="8c84fa94-04c1-424b-9868-57a2d4851a1d" relativeResultsDirectory="358255e2-5172-48af-bae1-4b4a2052203d" />
    <UnitTestResult executionId="498feb03-0a5c-4fd3-b14b-fa4c543423ca" testId="4470f741-6202-03e0-5f79-9a9151a72abc" testName="Idea.Q15.WorkspaceProtocol.Tests.ProtocolTests.Validator_RefusesEmptyRequestIdStaleTimestampAndUnknownOperation" computerName="MSI" duration="00:00:00.0003293" startTime="2026-09-15T01:35:33.4091389+07:00" endTime="2026-09-15T01:35:33.4092385+07:00" testType="13cdc9d9-ddb5-4fa4-a97d-d965ccfc6d4b" outcome="Passed" testListId="8c84fa94-04c1-424b-9868-57a2d4851a1d" relativeResultsDirectory="498feb03-0a5c-4fd3-b14b-fa4c543423ca" />
    <UnitTestResult executionId="26591ee3-eea3-4bec-8545-9023d12c7512" testId="46839687-cfa8-5956-9226-5420c4376bda" testName="Idea.Q15.WorkspaceProtocol.Tests.ProtocolTests.Hmac_VerifiesExactRequestAndRejectsChangedPayload" computerName="MSI" duration="00:00:00.0002054" startTime="2026-09-15T01:35:33.4094738+07:00" endTime="2026-09-15T01:35:33.4095684+07:00" testType="13cdc9d9-ddb5-4fa4-a97d-d965ccfc6d4b" outcome="Passed" testListId="8c84fa94-04c1-424b-9868-57a2d4851a1d" relativeResultsDirectory="26591ee3-eea3-4bec-8545-9023d12c7512" />
    <UnitTestResult executionId="66d7cca0-f014-4b71-9cb8-b978f116adce" testId="a28e8398-88be-b6ba-1d4e-b161f0918ba5" testName="Idea.Q15.WorkspaceProtocol.Tests.ProtocolTests.Validator_RefusesInvalidMac" computerName="MSI" duration="00:00:00.0004965" startTime="2026-09-15T01:35:33.4085774+07:00" endTime="2026-09-15T01:35:33.4088849+07:00" testType="13cdc9d9-ddb5-4fa4-a97d-d965ccfc6d4b" outcome="Passed" testListId="8c84fa94-04c1-424b-9868-57a2d4851a1d" relativeResultsDirectory="66d7cca0-f014-4b71-9cb8-b978f116adce" />
    <UnitTestResult executionId="3bfb53b3-fb9e-4a39-8faf-8bafc11894e3" testId="f9efe319-9299-b46c-37bb-ef1278c0082b" testName="Idea.Q15.WorkspaceProtocol.Tests.ProtocolTests.NewUiClientReconnectsAfterWorkspaceRestart" computerName="MSI" duration="00:00:00.1180526" startTime="2026-09-15T01:35:33.2385311+07:00" endTime="2026-09-15T01:35:33.3373571+07:00" testType="13cdc9d9-ddb5-4fa4-a97d-d965ccfc6d4b" outcome="Passed" testListId="8c84fa94-04c1-424b-9868-57a2d4851a1d" relativeResultsDirectory="3bfb53b3-fb9e-4a39-8faf-8bafc11894e3" />
    <UnitTestResult executionId="3ed8b923-9467-453f-a6d7-b3571b9b64d2" testId="6aff670d-c4a4-a7e1-f917-ccb2010426a0" testName="Idea.Q15.WorkspaceProtocol.Tests.ProtocolTests.WorkspaceHost_ReturnsCachedResultForExactReplayAndRefusesChangedReuse" computerName="MSI" duration="00:00:00.0659418" startTime="2026-09-15T01:35:33.1526288+07:00" endTime="2026-09-15T01:35:33.2184957+07:00" testType="13cdc9d9-ddb5-4fa4-a97d-d965ccfc6d4b" outcome="Passed" testListId="8c84fa94-04c1-424b-9868-57a2d4851a1d" relativeResultsDirectory="3ed8b923-9467-453f-a6d7-b3571b9b64d2" />
    <UnitTestResult executionId="ad8a45b8-08b3-4760-8ecd-d397f5366152" testId="76f26b36-cd24-0082-d101-189935d5f59c" testName="Idea.Q15.WorkspaceProtocol.Tests.ProtocolTests.WorkspaceHost_ExecutesDirectNamedPipeRequestAndPreservesCandidate" computerName="MSI" duration="00:00:00.1745967" startTime="2026-09-15T01:35:32.8477379+07:00" endTime="2026-09-15T01:35:33.0225952+07:00" testType="13cdc9d9-ddb5-4fa4-a97d-d965ccfc6d4b" outcome="Passed" testListId="8c84fa94-04c1-424b-9868-57a2d4851a1d" relativeResultsDirectory="ad8a45b8-08b3-4760-8ecd-d397f5366152" />
    <UnitTestResult executionId="9423a642-8936-4c66-994d-7a05b7bfd0dd" testId="0f01b030-c68f-ebf5-a662-f7e95843287c" testName="Idea.Q15.WorkspaceProtocol.Tests.ProtocolTests.WorkspacePipeClient_RejectsMismatchedResponseCorrelation" computerName="MSI" duration="00:00:00.0785491" startTime="2026-09-15T01:35:32.7810961+07:00" endTime="2026-09-15T01:35:32.8465743+07:00" testType="13cdc9d9-ddb5-4fa4-a97d-d965ccfc6d4b" outcome="Passed" testListId="8c84fa94-04c1-424b-9868-57a2d4851a1d" relativeResultsDirectory="9423a642-8936-4c66-994d-7a05b7bfd0dd" />
    <UnitTestResult executionId="4c7f0baf-7a3b-486a-b4e1-c986edcfe824" testId="26e7604c-3b9e-0648-093a-ae42fe0ecae6" testName="Idea.Q15.WorkspaceProtocol.Tests.ProtocolTests.FrameCodec_RejectsTruncatedFrame" computerName="MSI" duration="00:00:00.0006026" startTime="2026-09-15T01:35:33.4097858+07:00" endTime="2026-09-15T01:35:33.4101412+07:00" testType="13cdc9d9-ddb5-4fa4-a97d-d965ccfc6d4b" outcome="Passed" testListId="8c84fa94-04c1-424b-9868-57a2d4851a1d" relativeResultsDirectory="4c7f0baf-7a3b-486a-b4e1-c986edcfe824" />
    <UnitTestResult executionId="2ba78217-986d-42bf-b92d-a8b464c97106" testId="74f503fa-f932-2f10-ad6a-eddb930f9782" testName="Idea.Q15.WorkspaceProtocol.Tests.ProtocolTests.Validator_RefusesBoundedIdentityFailures(_: &quot;wrong-workspace&quot;, version: &quot;1.0&quot;, workspace: &quot;WS-OTHER&quot;, session: &quot;SESSION-Q15-001&quot;, expected: &quot;WORKSPACE_MISMATCH&quot;)" computerName="MSI" duration="00:00:00.0000238" startTime="2026-09-15T01:35:33.1523223+07:00" endTime="2026-09-15T01:35:33.1524107+07:00" testType="13cdc9d9-ddb5-4fa4-a97d-d965ccfc6d4b" outcome="Passed" testListId="8c84fa94-04c1-424b-9868-57a2d4851a1d" relativeResultsDirectory="2ba78217-986d-42bf-b92d-a8b464c97106" />
    <UnitTestResult executionId="92c5ee1f-43c3-4833-958a-eefc9c5216d6" testId="22b81e20-5e96-4eb0-84ac-50427f0fcbde" testName="Idea.Q15.WorkspaceProtocol.Tests.ProtocolTests.Validator_RefusesArbitraryPathOrExtraFields" computerName="MSI" duration="00:00:00.0007098" startTime="2026-09-15T01:35:33.4110703+07:00" endTime="2026-09-15T01:35:33.4117416+07:00" testType="13cdc9d9-ddb5-4fa4-a97d-d965ccfc6d4b" outcome="Passed" testListId="8c84fa94-04c1-424b-9868-57a2d4851a1d" relativeResultsDirectory="92c5ee1f-43c3-4833-958a-eefc9c5216d6" />
    <UnitTestResult executionId="dc9bd850-8927-4cb9-8f74-b5f482928185" testId="39da63de-00a0-8471-6550-96fc5ffdfdf2" testName="Idea.Q15.WorkspaceProtocol.Tests.ProtocolTests.Validator_RefusesBoundedIdentityFailures(_: &quot;wrong-version&quot;, version: &quot;9.9&quot;, workspace: &quot;WS-Q15-001&quot;, session: &quot;SESSION-Q15-001&quot;, expected: &quot;PROTOCOL_VERSION&quot;)" computerName="MSI" duration="00:00:00.0013551" startTime="2026-09-15T01:35:33.1506212+07:00" endTime="2026-09-15T01:35:33.1518404+07:00" testType="13cdc9d9-ddb5-4fa4-a97d-d965ccfc6d4b" outcome="Passed" testListId="8c84fa94-04c1-424b-9868-57a2d4851a1d" relativeResultsDirectory="dc9bd850-8927-4cb9-8f74-b5f482928185" />
    <UnitTestResult executionId="ebd8fbfc-4113-4bad-b350-a4ea5bb4bd2f" testId="ca990281-ac6b-05d7-072a-38308ac423bf" testName="Idea.Q15.WorkspaceProtocol.Tests.ProtocolTests.CanonicalJson_SortsObjectKeysAndRetainsArrays" computerName="MSI" duration="00:00:00.0002882" startTime="2026-09-15T01:35:33.2186358+07:00" endTime="2026-09-15T01:35:33.2188601+07:00" testType="13cdc9d9-ddb5-4fa4-a97d-d965ccfc6d4b" outcome="Passed" testListId="8c84fa94-04c1-424b-9868-57a2d4851a1d" relativeResultsDirectory="ebd8fbfc-4113-4bad-b350-a4ea5bb4bd2f" />
    <UnitTestResult executionId="1b5ae2e4-bc00-42d0-86fd-a8c79f853c6d" testId="4871db0b-6741-11f6-2de5-d73f48276495" testName="Idea.Q15.WorkspaceProtocol.Tests.ProtocolTests.WorkspacePipeClient_TimesOutWhenWorkspaceIsUnavailable" computerName="MSI" duration="00:00:00.1271170" startTime="2026-09-15T01:35:33.0229101+07:00" endTime="2026-09-15T01:35:33.1503035+07:00" testType="13cdc9d9-ddb5-4fa4-a97d-d965ccfc6d4b" outcome="Passed" testListId="8c84fa94-04c1-424b-9868-57a2d4851a1d" relativeResultsDirectory="1b5ae2e4-bc00-42d0-86fd-a8c79f853c6d" />
    <UnitTestResult executionId="66e436d8-bf58-40b1-a2e4-e30cad8522c5" testId="23bff2ad-b398-e269-4b4f-97e4d5acc721" testName="Idea.Q15.WorkspaceProtocol.Tests.ProtocolTests.FrameCodec_RejectsOversizedFrameBeforeAllocation" computerName="MSI" duration="00:00:00.0086469" startTime="2026-09-15T01:35:32.7471260+07:00" endTime="2026-09-15T01:35:32.7647758+07:00" testType="13cdc9d9-ddb5-4fa4-a97d-d965ccfc6d4b" outcome="Passed" testListId="8c84fa94-04c1-424b-9868-57a2d4851a1d" relativeResultsDirectory="66e436d8-bf58-40b1-a2e4-e30cad8522c5" />
    <UnitTestResult executionId="c99a3acf-f151-4292-a974-a8021fdd8612" testId="38f53791-43c3-9d90-8ec7-4d7e246cc43e" testName="Idea.Q15.WorkspaceProtocol.Tests.ProtocolTests.Validator_RefusesBoundedIdentityFailures(_: &quot;stale-session&quot;, version: &quot;1.0&quot;, workspace: &quot;WS-Q15-001&quot;, session: &quot;SESSION-OLD&quot;, expected: &quot;SESSION_STALE&quot;)" computerName="MSI" duration="00:00:00.0002865" startTime="2026-09-15T01:35:33.1520686+07:00" endTime="2026-09-15T01:35:33.1521670+07:00" testType="13cdc9d9-ddb5-4fa4-a97d-d965ccfc6d4b" outcome="Passed" testListId="8c84fa94-04c1-424b-9868-57a2d4851a1d" relativeResultsDirectory="c99a3acf-f151-4292-a974-a8021fdd8612" />
  </Results>
  <TestDefinitions>
    <UnitTest name="Idea.Q15.WorkspaceProtocol.Tests.ProtocolTests.WorkspaceHost_HandlesConcurrentCorrelatedRequests" storage="d:\work\projects\ideaengineering\qualification\q15\shared\dotnet\idea.q15.workspaceprotocol.tests\bin\release\net10.0\idea.q15.workspaceprotocol.tests.dll" id="4e69a122-b03e-81c1-bb74-f46d9acc922c">
      <Execution id="358255e2-5172-48af-bae1-4b4a2052203d" />
      <TestMethod codeBase="D:\Work\Projects\IDEAEngineering\qualification\q15\shared\dotnet\Idea.Q15.WorkspaceProtocol.Tests\bin\Release\net10.0\Idea.Q15.WorkspaceProtocol.Tests.dll" adapterTypeName="executor://xunit/VsTestRunner3/netcore/" className="Idea.Q15.WorkspaceProtocol.Tests.ProtocolTests" name="WorkspaceHost_HandlesConcurrentCorrelatedRequests" />
    </UnitTest>
    <UnitTest name="Idea.Q15.WorkspaceProtocol.Tests.ProtocolTests.NewUiClientReconnectsAfterWorkspaceRestart" storage="d:\work\projects\ideaengineering\qualification\q15\shared\dotnet\idea.q15.workspaceprotocol.tests\bin\release\net10.0\idea.q15.workspaceprotocol.tests.dll" id="f9efe319-9299-b46c-37bb-ef1278c0082b">
      <Execution id="3bfb53b3-fb9e-4a39-8faf-8bafc11894e3" />
      <TestMethod codeBase="D:\Work\Projects\IDEAEngineering\qualification\q15\shared\dotnet\Idea.Q15.WorkspaceProtocol.Tests\bin\Release\net10.0\Idea.Q15.WorkspaceProtocol.Tests.dll" adapterTypeName="executor://xunit/VsTestRunner3/netcore/" className="Idea.Q15.WorkspaceProtocol.Tests.ProtocolTests" name="NewUiClientReconnectsAfterWorkspaceRestart" />
    </UnitTest>
    <UnitTest name="Idea.Q15.WorkspaceProtocol.Tests.ProtocolTests.FrameCodec_RejectsOversizedFrameBeforeAllocation" storage="d:\work\projects\ideaengineering\qualification\q15\shared\dotnet\idea.q15.workspaceprotocol.tests\bin\release\net10.0\idea.q15.workspaceprotocol.tests.dll" id="23bff2ad-b398-e269-4b4f-97e4d5acc721">
      <Execution id="66e436d8-bf58-40b1-a2e4-e30cad8522c5" />
      <TestMethod codeBase="D:\Work\Projects\IDEAEngineering\qualification\q15\shared\dotnet\Idea.Q15.WorkspaceProtocol.Tests\bin\Release\net10.0\Idea.Q15.WorkspaceProtocol.Tests.dll" adapterTypeName="executor://xunit/VsTestRunner3/netcore/" className="Idea.Q15.WorkspaceProtocol.Tests.ProtocolTests" name="FrameCodec_RejectsOversizedFrameBeforeAllocation" />
    </UnitTest>
    <UnitTest name="Idea.Q15.WorkspaceProtocol.Tests.ProtocolTests.WorkspaceHost_ExecutesDirectNamedPipeRequestAndPreservesCandidate" storage="d:\work\projects\ideaengineering\qualification\q15\shared\dotnet\idea.q15.workspaceprotocol.tests\bin\release\net10.0\idea.q15.workspaceprotocol.tests.dll" id="76f26b36-cd24-0082-d101-189935d5f59c">
      <Execution id="ad8a45b8-08b3-4760-8ecd-d397f5366152" />
      <TestMethod codeBase="D:\Work\Projects\IDEAEngineering\qualification\q15\shared\dotnet\Idea.Q15.WorkspaceProtocol.Tests\bin\Release\net10.0\Idea.Q15.WorkspaceProtocol.Tests.dll" adapterTypeName="executor://xunit/VsTestRunner3/netcore/" className="Idea.Q15.WorkspaceProtocol.Tests.ProtocolTests" name="WorkspaceHost_ExecutesDirectNamedPipeRequestAndPreservesCandidate" />
    </UnitTest>
    <UnitTest name="Idea.Q15.WorkspaceProtocol.Tests.ProtocolTests.Validator_RefusesBoundedIdentityFailures(_: &quot;wrong-workspace&quot;, version: &quot;1.0&quot;, workspace: &quot;WS-OTHER&quot;, session: &quot;SESSION-Q15-001&quot;, expected: &quot;WORKSPACE_MISMATCH&quot;)" storage="d:\work\projects\ideaengineering\qualification\q15\shared\dotnet\idea.q15.workspaceprotocol.tests\bin\release\net10.0\idea.q15.workspaceprotocol.tests.dll" id="74f503fa-f932-2f10-ad6a-eddb930f9782">
      <Execution id="2ba78217-986d-42bf-b92d-a8b464c97106" />
      <TestMethod codeBase="D:\Work\Projects\IDEAEngineering\qualification\q15\shared\dotnet\Idea.Q15.WorkspaceProtocol.Tests\bin\Release\net10.0\Idea.Q15.WorkspaceProtocol.Tests.dll" adapterTypeName="executor://xunit/VsTestRunner3/netcore/" className="Idea.Q15.WorkspaceProtocol.Tests.ProtocolTests" name="Validator_RefusesBoundedIdentityFailures" />
    </UnitTest>
    <UnitTest name="Idea.Q15.WorkspaceProtocol.Tests.ProtocolTests.Validator_RefusesBoundedIdentityFailures(_: &quot;stale-session&quot;, version: &quot;1.0&quot;, workspace: &quot;WS-Q15-001&quot;, session: &quot;SESSION-OLD&quot;, expected: &quot;SESSION_STALE&quot;)" storage="d:\work\projects\ideaengineering\qualification\q15\shared\dotnet\idea.q15.workspaceprotocol.tests\bin\release\net10.0\idea.q15.workspaceprotocol.tests.dll" id="38f53791-43c3-9d90-8ec7-4d7e246cc43e">
      <Execution id="c99a3acf-f151-4292-a974-a8021fdd8612" />
      <TestMethod codeBase="D:\Work\Projects\IDEAEngineering\qualification\q15\shared\dotnet\Idea.Q15.WorkspaceProtocol.Tests\bin\Release\net10.0\Idea.Q15.WorkspaceProtocol.Tests.dll" adapterTypeName="executor://xunit/VsTestRunner3/netcore/" className="Idea.Q15.WorkspaceProtocol.Tests.ProtocolTests" name="Validator_RefusesBoundedIdentityFailures" />
    </UnitTest>
    <UnitTest name="Idea.Q15.WorkspaceProtocol.Tests.ProtocolTests.Validator_RefusesBoundedIdentityFailures(_: &quot;wrong-version&quot;, version: &quot;9.9&quot;, workspace: &quot;WS-Q15-001&quot;, session: &quot;SESSION-Q15-001&quot;, expected: &quot;PROTOCOL_VERSION&quot;)" storage="d:\work\projects\ideaengineering\qualification\q15\shared\dotnet\idea.q15.workspaceprotocol.tests\bin\release\net10.0\idea.q15.workspaceprotocol.tests.dll" id="39da63de-00a0-8471-6550-96fc5ffdfdf2">
      <Execution id="dc9bd850-8927-4cb9-8f74-b5f482928185" />
      <TestMethod codeBase="D:\Work\Projects\IDEAEngineering\qualification\q15\shared\dotnet\Idea.Q15.WorkspaceProtocol.Tests\bin\Release\net10.0\Idea.Q15.WorkspaceProtocol.Tests.dll" adapterTypeName="executor://xunit/VsTestRunner3/netcore/" className="Idea.Q15.WorkspaceProtocol.Tests.ProtocolTests" name="Validator_RefusesBoundedIdentityFailures" />
    </UnitTest>
    <UnitTest name="Idea.Q15.WorkspaceProtocol.Tests.ProtocolTests.Validator_RefusesArbitraryPathOrExtraFields" storage="d:\work\projects\ideaengineering\qualification\q15\shared\dotnet\idea.q15.workspaceprotocol.tests\bin\release\net10.0\idea.q15.workspaceprotocol.tests.dll" id="22b81e20-5e96-4eb0-84ac-50427f0fcbde">
      <Execution id="92c5ee1f-43c3-4833-958a-eefc9c5216d6" />
      <TestMethod codeBase="D:\Work\Projects\IDEAEngineering\qualification\q15\shared\dotnet\Idea.Q15.WorkspaceProtocol.Tests\bin\Release\net10.0\Idea.Q15.WorkspaceProtocol.Tests.dll" adapterTypeName="executor://xunit/VsTestRunner3/netcore/" className="Idea.Q15.WorkspaceProtocol.Tests.ProtocolTests" name="Validator_RefusesArbitraryPathOrExtraFields" />
    </UnitTest>
    <UnitTest name="Idea.Q15.WorkspaceProtocol.Tests.ProtocolTests.Validator_RefusesInvalidMac" storage="d:\work\projects\ideaengineering\qualification\q15\shared\dotnet\idea.q15.workspaceprotocol.tests\bin\release\net10.0\idea.q15.workspaceprotocol.tests.dll" id="a28e8398-88be-b6ba-1d4e-b161f0918ba5">
      <Execution id="66d7cca0-f014-4b71-9cb8-b978f116adce" />
      <TestMethod codeBase="D:\Work\Projects\IDEAEngineering\qualification\q15\shared\dotnet\Idea.Q15.WorkspaceProtocol.Tests\bin\Release\net10.0\Idea.Q15.WorkspaceProtocol.Tests.dll" adapterTypeName="executor://xunit/VsTestRunner3/netcore/" className="Idea.Q15.WorkspaceProtocol.Tests.ProtocolTests" name="Validator_RefusesInvalidMac" />
    </UnitTest>
    <UnitTest name="Idea.Q15.WorkspaceProtocol.Tests.ProtocolTests.WorkspacePipeClient_RejectsMismatchedResponseCorrelation" storage="d:\work\projects\ideaengineering\qualification\q15\shared\dotnet\idea.q15.workspaceprotocol.tests\bin\release\net10.0\idea.q15.workspaceprotocol.tests.dll" id="0f01b030-c68f-ebf5-a662-f7e95843287c">
      <Execution id="9423a642-8936-4c66-994d-7a05b7bfd0dd" />
      <TestMethod codeBase="D:\Work\Projects\IDEAEngineering\qualification\q15\shared\dotnet\Idea.Q15.WorkspaceProtocol.Tests\bin\Release\net10.0\Idea.Q15.WorkspaceProtocol.Tests.dll" adapterTypeName="executor://xunit/VsTestRunner3/netcore/" className="Idea.Q15.WorkspaceProtocol.Tests.ProtocolTests" name="WorkspacePipeClient_RejectsMismatchedResponseCorrelation" />
    </UnitTest>
    <UnitTest name="Idea.Q15.WorkspaceProtocol.Tests.ProtocolTests.WorkspacePipeClient_TimesOutWhenWorkspaceIsUnavailable" storage="d:\work\projects\ideaengineering\qualification\q15\shared\dotnet\idea.q15.workspaceprotocol.tests\bin\release\net10.0\idea.q15.workspaceprotocol.tests.dll" id="4871db0b-6741-11f6-2de5-d73f48276495">
      <Execution id="1b5ae2e4-bc00-42d0-86fd-a8c79f853c6d" />
      <TestMethod codeBase="D:\Work\Projects\IDEAEngineering\qualification\q15\shared\dotnet\Idea.Q15.WorkspaceProtocol.Tests\bin\Release\net10.0\Idea.Q15.WorkspaceProtocol.Tests.dll" adapterTypeName="executor://xunit/VsTestRunner3/netcore/" className="Idea.Q15.WorkspaceProtocol.Tests.ProtocolTests" name="WorkspacePipeClient_TimesOutWhenWorkspaceIsUnavailable" />
    </UnitTest>
    <UnitTest name="Idea.Q15.WorkspaceProtocol.Tests.ProtocolTests.FrameCodec_RejectsTruncatedFrame" storage="d:\work\projects\ideaengineering\qualification\q15\shared\dotnet\idea.q15.workspaceprotocol.tests\bin\release\net10.0\idea.q15.workspaceprotocol.tests.dll" id="26e7604c-3b9e-0648-093a-ae42fe0ecae6">
      <Execution id="4c7f0baf-7a3b-486a-b4e1-c986edcfe824" />
      <TestMethod codeBase="D:\Work\Projects\IDEAEngineering\qualification\q15\shared\dotnet\Idea.Q15.WorkspaceProtocol.Tests\bin\Release\net10.0\Idea.Q15.WorkspaceProtocol.Tests.dll" adapterTypeName="executor://xunit/VsTestRunner3/netcore/" className="Idea.Q15.WorkspaceProtocol.Tests.ProtocolTests" name="FrameCodec_RejectsTruncatedFrame" />
    </UnitTest>
    <UnitTest name="Idea.Q15.WorkspaceProtocol.Tests.ProtocolTests.CanonicalJson_SortsObjectKeysAndRetainsArrays" storage="d:\work\projects\ideaengineering\qualification\q15\shared\dotnet\idea.q15.workspaceprotocol.tests\bin\release\net10.0\idea.q15.workspaceprotocol.tests.dll" id="ca990281-ac6b-05d7-072a-38308ac423bf">
      <Execution id="ebd8fbfc-4113-4bad-b350-a4ea5bb4bd2f" />
      <TestMethod codeBase="D:\Work\Projects\IDEAEngineering\qualification\q15\shared\dotnet\Idea.Q15.WorkspaceProtocol.Tests\bin\Release\net10.0\Idea.Q15.WorkspaceProtocol.Tests.dll" adapterTypeName="executor://xunit/VsTestRunner3/netcore/" className="Idea.Q15.WorkspaceProtocol.Tests.ProtocolTests" name="CanonicalJson_SortsObjectKeysAndRetainsArrays" />
    </UnitTest>
    <UnitTest name="Idea.Q15.WorkspaceProtocol.Tests.ProtocolTests.FrameCodec_RoundTripsPartialReadStream" storage="d:\work\projects\ideaengineering\qualification\q15\shared\dotnet\idea.q15.workspaceprotocol.tests\bin\release\net10.0\idea.q15.workspaceprotocol.tests.dll" id="11c207b1-397b-912e-e05d-932fe101650c">
      <Execution id="becd7c2a-a3ed-4adf-ae54-b0a2db4ae293" />
      <TestMethod codeBase="D:\Work\Projects\IDEAEngineering\qualification\q15\shared\dotnet\Idea.Q15.WorkspaceProtocol.Tests\bin\Release\net10.0\Idea.Q15.WorkspaceProtocol.Tests.dll" adapterTypeName="executor://xunit/VsTestRunner3/netcore/" className="Idea.Q15.WorkspaceProtocol.Tests.ProtocolTests" name="FrameCodec_RoundTripsPartialReadStream" />
    </UnitTest>
    <UnitTest name="Idea.Q15.WorkspaceProtocol.Tests.ProtocolTests.Validator_RefusesEmptyRequestIdStaleTimestampAndUnknownOperation" storage="d:\work\projects\ideaengineering\qualification\q15\shared\dotnet\idea.q15.workspaceprotocol.tests\bin\release\net10.0\idea.q15.workspaceprotocol.tests.dll" id="4470f741-6202-03e0-5f79-9a9151a72abc">
      <Execution id="498feb03-0a5c-4fd3-b14b-fa4c543423ca" />
      <TestMethod codeBase="D:\Work\Projects\IDEAEngineering\qualification\q15\shared\dotnet\Idea.Q15.WorkspaceProtocol.Tests\bin\Release\net10.0\Idea.Q15.WorkspaceProtocol.Tests.dll" adapterTypeName="executor://xunit/VsTestRunner3/netcore/" className="Idea.Q15.WorkspaceProtocol.Tests.ProtocolTests" name="Validator_RefusesEmptyRequestIdStaleTimestampAndUnknownOperation" />
    </UnitTest>
    <UnitTest name="Idea.Q15.WorkspaceProtocol.Tests.ProtocolTests.Hmac_VerifiesExactRequestAndRejectsChangedPayload" storage="d:\work\projects\ideaengineering\qualification\q15\shared\dotnet\idea.q15.workspaceprotocol.tests\bin\release\net10.0\idea.q15.workspaceprotocol.tests.dll" id="46839687-cfa8-5956-9226-5420c4376bda">
      <Execution id="26591ee3-eea3-4bec-8545-9023d12c7512" />
      <TestMethod codeBase="D:\Work\Projects\IDEAEngineering\qualification\q15\shared\dotnet\Idea.Q15.WorkspaceProtocol.Tests\bin\Release\net10.0\Idea.Q15.WorkspaceProtocol.Tests.dll" adapterTypeName="executor://xunit/VsTestRunner3/netcore/" className="Idea.Q15.WorkspaceProtocol.Tests.ProtocolTests" name="Hmac_VerifiesExactRequestAndRejectsChangedPayload" />
    </UnitTest>
    <UnitTest name="Idea.Q15.WorkspaceProtocol.Tests.ProtocolTests.WorkspaceHost_ReturnsCachedResultForExactReplayAndRefusesChangedReuse" storage="d:\work\projects\ideaengineering\qualification\q15\shared\dotnet\idea.q15.workspaceprotocol.tests\bin\release\net10.0\idea.q15.workspaceprotocol.tests.dll" id="6aff670d-c4a4-a7e1-f917-ccb2010426a0">
      <Execution id="3ed8b923-9467-453f-a6d7-b3571b9b64d2" />
      <TestMethod codeBase="D:\Work\Projects\IDEAEngineering\qualification\q15\shared\dotnet\Idea.Q15.WorkspaceProtocol.Tests\bin\Release\net10.0\Idea.Q15.WorkspaceProtocol.Tests.dll" adapterTypeName="executor://xunit/VsTestRunner3/netcore/" className="Idea.Q15.WorkspaceProtocol.Tests.ProtocolTests" name="WorkspaceHost_ReturnsCachedResultForExactReplayAndRefusesChangedReuse" />
    </UnitTest>
    <UnitTest name="Idea.Q15.WorkspaceProtocol.Tests.ProtocolTests.FrameCodec_RejectsMalformedJson" storage="d:\work\projects\ideaengineering\qualification\q15\shared\dotnet\idea.q15.workspaceprotocol.tests\bin\release\net10.0\idea.q15.workspaceprotocol.tests.dll" id="9a363046-f157-c04a-b540-36c3a6d2b934">
      <Execution id="70679707-958a-4bb5-8bae-229dca12317c" />
      <TestMethod codeBase="D:\Work\Projects\IDEAEngineering\qualification\q15\shared\dotnet\Idea.Q15.WorkspaceProtocol.Tests\bin\Release\net10.0\Idea.Q15.WorkspaceProtocol.Tests.dll" adapterTypeName="executor://xunit/VsTestRunner3/netcore/" className="Idea.Q15.WorkspaceProtocol.Tests.ProtocolTests" name="FrameCodec_RejectsMalformedJson" />
    </UnitTest>
  </TestDefinitions>
  <TestEntries>
    <TestEntry testId="9a363046-f157-c04a-b540-36c3a6d2b934" executionId="70679707-958a-4bb5-8bae-229dca12317c" testListId="8c84fa94-04c1-424b-9868-57a2d4851a1d" />
    <TestEntry testId="11c207b1-397b-912e-e05d-932fe101650c" executionId="becd7c2a-a3ed-4adf-ae54-b0a2db4ae293" testListId="8c84fa94-04c1-424b-9868-57a2d4851a1d" />
    <TestEntry testId="4e69a122-b03e-81c1-bb74-f46d9acc922c" executionId="358255e2-5172-48af-bae1-4b4a2052203d" testListId="8c84fa94-04c1-424b-9868-57a2d4851a1d" />
    <TestEntry testId="4470f741-6202-03e0-5f79-9a9151a72abc" executionId="498feb03-0a5c-4fd3-b14b-fa4c543423ca" testListId="8c84fa94-04c1-424b-9868-57a2d4851a1d" />
    <TestEntry testId="46839687-cfa8-5956-9226-5420c4376bda" executionId="26591ee3-eea3-4bec-8545-9023d12c7512" testListId="8c84fa94-04c1-424b-9868-57a2d4851a1d" />
    <TestEntry testId="a28e8398-88be-b6ba-1d4e-b161f0918ba5" executionId="66d7cca0-f014-4b71-9cb8-b978f116adce" testListId="8c84fa94-04c1-424b-9868-57a2d4851a1d" />
    <TestEntry testId="f9efe319-9299-b46c-37bb-ef1278c0082b" executionId="3bfb53b3-fb9e-4a39-8faf-8bafc11894e3" testListId="8c84fa94-04c1-424b-9868-57a2d4851a1d" />
    <TestEntry testId="6aff670d-c4a4-a7e1-f917-ccb2010426a0" executionId="3ed8b923-9467-453f-a6d7-b3571b9b64d2" testListId="8c84fa94-04c1-424b-9868-57a2d4851a1d" />
    <TestEntry testId="76f26b36-cd24-0082-d101-189935d5f59c" executionId="ad8a45b8-08b3-4760-8ecd-d397f5366152" testListId="8c84fa94-04c1-424b-9868-57a2d4851a1d" />
    <TestEntry testId="0f01b030-c68f-ebf5-a662-f7e95843287c" executionId="9423a642-8936-4c66-994d-7a05b7bfd0dd" testListId="8c84fa94-04c1-424b-9868-57a2d4851a1d" />
    <TestEntry testId="26e7604c-3b9e-0648-093a-ae42fe0ecae6" executionId="4c7f0baf-7a3b-486a-b4e1-c986edcfe824" testListId="8c84fa94-04c1-424b-9868-57a2d4851a1d" />
    <TestEntry testId="74f503fa-f932-2f10-ad6a-eddb930f9782" executionId="2ba78217-986d-42bf-b92d-a8b464c97106" testListId="8c84fa94-04c1-424b-9868-57a2d4851a1d" />
    <TestEntry testId="22b81e20-5e96-4eb0-84ac-50427f0fcbde" executionId="92c5ee1f-43c3-4833-958a-eefc9c5216d6" testListId="8c84fa94-04c1-424b-9868-57a2d4851a1d" />
    <TestEntry testId="39da63de-00a0-8471-6550-96fc5ffdfdf2" executionId="dc9bd850-8927-4cb9-8f74-b5f482928185" testListId="8c84fa94-04c1-424b-9868-57a2d4851a1d" />
    <TestEntry testId="ca990281-ac6b-05d7-072a-38308ac423bf" executionId="ebd8fbfc-4113-4bad-b350-a4ea5bb4bd2f" testListId="8c84fa94-04c1-424b-9868-57a2d4851a1d" />
    <TestEntry testId="4871db0b-6741-11f6-2de5-d73f48276495" executionId="1b5ae2e4-bc00-42d0-86fd-a8c79f853c6d" testListId="8c84fa94-04c1-424b-9868-57a2d4851a1d" />
    <TestEntry testId="23bff2ad-b398-e269-4b4f-97e4d5acc721" executionId="66e436d8-bf58-40b1-a2e4-e30cad8522c5" testListId="8c84fa94-04c1-424b-9868-57a2d4851a1d" />
    <TestEntry testId="38f53791-43c3-9d90-8ec7-4d7e246cc43e" executionId="c99a3acf-f151-4292-a974-a8021fdd8612" testListId="8c84fa94-04c1-424b-9868-57a2d4851a1d" />
  </TestEntries>
  <TestLists>
    <TestList name="Results Not in a List" id="8c84fa94-04c1-424b-9868-57a2d4851a1d" />
    <TestList name="All Loaded Results" id="19431567-8539-422a-85d7-44ee4e166bda" />
  </TestLists>
  <ResultSummary outcome="Completed">
    <Counters total="18" executed="18" passed="18" failed="0" error="0" timeout="0" aborted="0" inconclusive="0" passedButRunAborted="0" notRunnable="0" notExecuted="0" disconnected="0" warning="0" completed="0" inProgress="0" pending="0" />
    <Output>
      <StdOut>[xUnit.net 00:00:00.00] xUnit.net VSTest Adapter v3.1.5+1b188a7b0a (64-bit .NET 10.0.10)&#xD;
[xUnit.net 00:00:00.22]   Discovering: Idea.Q15.WorkspaceProtocol.Tests&#xD;
[xUnit.net 00:00:00.27]   Discovered:  Idea.Q15.WorkspaceProtocol.Tests&#xD;
[xUnit.net 00:00:00.30]   Starting:    Idea.Q15.WorkspaceProtocol.Tests&#xD;
[xUnit.net 00:00:00.99]   Finished:    Idea.Q15.WorkspaceProtocol.Tests&#xD;
</StdOut>
    </Output>
  </ResultSummary>
</TestRun>